XSym
0139
6de3267b5a4387e892578e2985c441dd
/Users/camelot/workspace/projetGary/trucks-api/front-trucks/tmp/broccoli_merge_trees-input_base_path-AqPCFdTI.tmp/1/assets/test-support.map
                                                                                                                                                                                                                                                                                                                                                                                                                                                                                                                                                                                                                                                                                                                                                                                                                                                                                                                    