XSym
0138
9c4ee475dc275d1a74fabeee3aa8a16e
/Users/camelot/workspace/projetGary/trucks-api/front-trucks/tmp/broccoli_merge_trees-input_base_path-ZA5zUq2Y.tmp/1/assets/truck-front.map
                                                                                                                                                                                                                                                                                                                                                                                                                                                                                                                                                                                                                                                                                                                                                                                                                                                                                                                     