XSym
0133
0f0ea243886acff2b5133c2aa1807bdb
/Users/camelot/workspace/projetGary/trucks-api/front-trucks/tmp/broccoli_merge_trees-input_base_path-ZA5zUq2Y.tmp/0/assets/vendor.map
                                                                                                                                                                                                                                                                                                                                                                                                                                                                                                                                                                                                                                                                                                                                                                                                                                                                                                                          