XSym
0123
a5a1c2c86efb6f8acc3d9e7e521ad594
/Users/camelot/workspace/projetGary/trucks-api/front-trucks/tmp/source_map_concat-output_path-zF4tDma3.tmp/assets/tests.map
                                                                                                                                                                                                                                                                                                                                                                                                                                                                                                                                                                                                                                                                                                                                                                                                                                                                                                                                    