XSym
0129
d57dcdee2608a3fe75cbdc14b12db9d9
/Users/camelot/workspace/projetGary/trucks-api/front-trucks/tmp/source_map_concat-output_path-3QLOpkQW.tmp/assets/truck-front.map
                                                                                                                                                                                                                                                                                                                                                                                                                                                                                                                                                                                                                                                                                                                                                                                                                                                                                                                              