XSym
0124
15bfde426cb4c1cef48cf0ad2c0f12c7
/Users/camelot/workspace/projetGary/trucks-api/front-trucks/tmp/source_map_concat-output_path-nlOE3Yhl.tmp/assets/vendor.map
                                                                                                                                                                                                                                                                                                                                                                                                                                                                                                                                                                                                                                                                                                                                                                                                                                                                                                                                   