XSym
0101
fa69479106b7cf82fe5bbf760593598c
/Users/camelot/workspace/projetGary/trucks-api/front-trucks/node_modules/leaflet/dist/leaflet-src.map
                                                                                                                                                                                                                                                                                                                                                                                                                                                                                                                                                                                                                                                                                                                                                                                                                                                                                                                                                          