XSym
0130
bb1ab2be2d5e42ef70c357e1c71e2ff5
/Users/camelot/workspace/projetGary/trucks-api/front-trucks/tmp/source_map_concat-output_path-xU5RRlfT.tmp/assets/test-support.map
                                                                                                                                                                                                                                                                                                                                                                                                                                                                                                                                                                                                                                                                                                                                                                                                                                                                                                                             