XSym
0132
ff45f0166a3058ffa178d348e4cb32e1
/Users/camelot/workspace/projetGary/trucks-api/front-trucks/tmp/broccoli_merge_trees-input_base_path-oobqNHDQ.tmp/0/assets/tests.map
                                                                                                                                                                                                                                                                                                                                                                                                                                                                                                                                                                                                                                                                                                                                                                                                                                                                                                                           