XSym
0115
331d5e7973823cec6f0cef1d862a7d5f
/Users/camelot/workspace/projetGary/trucks-api/front-trucks/tmp/funnel-input_base_path-IZYtF75D.tmp/leaflet-src.map
                                                                                                                                                                                                                                                                                                                                                                                                                                                                                                                                                                                                                                                                                                                                                                                                                                                                                                                                            