XSym
0105
e5391ba71ec766a6c1012892023c8eec
/Users/camelot/workspace/projetGary/trucks-api/front-trucks/node_modules/ember-source/dist/ember.prod.map
                                                                                                                                                                                                                                                                                                                                                                                                                                                                                                                                                                                                                                                                                                                                                                                                                                                                                                                                                      