XSym
0106
c5453dfe997d9615716fc378ce168970
/Users/camelot/workspace/projetGary/trucks-api/front-trucks/node_modules/ember-source/dist/ember.debug.map
                                                                                                                                                                                                                                                                                                                                                                                                                                                                                                                                                                                                                                                                                                                                                                                                                                                                                                                                                     