XSym
0108
c5f98a4cf0968d416cc8cfdfb375d544
/Users/camelot/workspace/projetGary/trucks-api/front-trucks/node_modules/ember-source/dist/ember-testing.map
                                                                                                                                                                                                                                                                                                                                                                                                                                                                                                                                                                                                                                                                                                                                                                                                                                                                                                                                                   