XSym
0104
b0253e7c433e277ff9827ca0a4d4f8ac
/Users/camelot/workspace/projetGary/trucks-api/front-trucks/node_modules/ember-source/dist/ember.min.map
                                                                                                                                                                                                                                                                                                                                                                                                                                                                                                                                                                                                                                                                                                                                                                                                                                                                                                                                                       