XSym
0118
f3ad3738144974a1fe5c0b276b17135f
/Users/camelot/workspace/projetGary/trucks-api/front-trucks/node_modules/ember-source/dist/ember-template-compiler.map
                                                                                                                                                                                                                                                                                                                                                                                                                                                                                                                                                                                                                                                                                                                                                                                                                                                                                                                                         