XSym
0117
0f42389850daa3e6f0a0eee151d340b2
/Users/camelot/workspace/projetGary/trucks-api/front-trucks/tmp/funnel-input_base_path-4fnfukyo.tmp/ember-runtime.map
                                                                                                                                                                                                                                                                                                                                                                                                                                                                                                                                                                                                                                                                                                                                                                                                                                                                                                                                          