XSym
0127
5ef47cc08101fd0e9c617dd75891f5a1
/Users/camelot/workspace/projetGary/trucks-api/front-trucks/tmp/funnel-input_base_path-4fnfukyo.tmp/ember-template-compiler.map
                                                                                                                                                                                                                                                                                                                                                                                                                                                                                                                                                                                                                                                                                                                                                                                                                                                                                                                                