XSym
0114
c336ae5872737c737e8ac37151b6170a
/Users/camelot/workspace/projetGary/trucks-api/front-trucks/tmp/funnel-input_base_path-4fnfukyo.tmp/ember.prod.map
                                                                                                                                                                                                                                                                                                                                                                                                                                                                                                                                                                                                                                                                                                                                                                                                                                                                                                                                             