XSym
0115
aa1684c649d101dc24dfb60f5315b9d7
/Users/camelot/workspace/projetGary/trucks-api/front-trucks/tmp/funnel-input_base_path-4fnfukyo.tmp/ember.debug.map
                                                                                                                                                                                                                                                                                                                                                                                                                                                                                                                                                                                                                                                                                                                                                                                                                                                                                                                                            