XSym
0113
9b22d2ba2a1a116f77ec62bb5eb2b21f
/Users/camelot/workspace/projetGary/trucks-api/front-trucks/tmp/funnel-input_base_path-4fnfukyo.tmp/ember.min.map
                                                                                                                                                                                                                                                                                                                                                                                                                                                                                                                                                                                                                                                                                                                                                                                                                                                                                                                                              